// Jest Snapshot v1, https://goo.gl/fbAQLP

exports[`should render MealListsPage correctly 1`] = `
<div
  className="list__container"
>
  <div
    className="list"
  >
    <Connect(Grocery)
      id={201}
      key="201"
      name="Monday Meals"
    />
    <Connect(Grocery)
      id={202}
      key="202"
      name="Tuesday Meals"
    />
  </div>
</div>
`;
