// Jest Snapshot v1, https://goo.gl/fbAQLP

exports[`should render MealListsPage correctly 1`] = `
<div
  className="list__container"
>
  <div
    className="list"
  >
    <Connect(Meal)
      id={101}
      itemList={
        Array [
          Object {
            "amount": 2,
            "id": 1,
            "itemName": "bacon",
            "unit": "pounds",
          },
          Object {
            "amount": 12,
            "id": 2,
            "itemName": "eggs",
            "unit": "items",
          },
          Object {
            "amount": 1,
            "id": 3,
            "itemName": "toast",
            "unit": "bag",
          },
          Object {
            "amount": 1,
            "id": 4,
            "itemName": "orange juice",
            "unit": "quart",
          },
        ]
      }
      key="101"
      name="breakfast"
    />
    <Connect(Meal)
      id={102}
      itemList={
        Array [
          Object {
            "amount": 1,
            "id": 5,
            "itemName": "salad",
            "unit": "bag",
          },
          Object {
            "amount": 2,
            "id": 6,
            "itemName": "chicken",
            "unit": "pounds",
          },
          Object {
            "amount": 12,
            "id": 7,
            "itemName": "walnuts",
            "unit": "ounces",
          },
          Object {
            "amount": 4,
            "id": 8,
            "itemName": "apples",
            "unit": "items",
          },
          Object {
            "amount": 1,
            "id": 1,
            "itemName": "bacon",
            "unit": "pound",
          },
        ]
      }
      key="102"
      name="lunch"
    />
    <Connect(Meal)
      id={103}
      itemList={
        Array [
          Object {
            "amount": 1,
            "id": 9,
            "itemName": "pasta",
            "unit": "container",
          },
          Object {
            "amount": 2,
            "id": 10,
            "itemName": "marinara sauce",
            "unit": "pints",
          },
          Object {
            "amount": 12,
            "id": 11,
            "itemName": "breadsticks",
            "unit": "items",
          },
          Object {
            "amount": 1,
            "id": 5,
            "itemName": "salad",
            "unit": "bag",
          },
        ]
      }
      key="103"
      name="dinner"
    />
  </div>
</div>
`;
