// Jest Snapshot v1, https://goo.gl/fbAQLP

exports[`should render GroceryForm correctly 1`] = `
<div
  className="form--grocery"
>
  <div
    className="input-box input-box--meal-name"
  >
    <p>
      Meals
    </p>
    <select
      className="input input--dropdown"
      name="selectedMeal"
      onChange={[MockFunction]}
      value="breakfast"
    >
      <option
        key="101"
        value="breakfast"
      >
        breakfast
      </option>
      <option
        key="102"
        value="lunch"
      >
        lunch
      </option>
      <option
        key="103"
        value="dinner"
      >
        dinner
      </option>
    </select>
  </div>
  <div
    className="button-box__add--meal"
  >
    <button
      className="button button__add"
      onClick={[MockFunction]}
    >
      Add Meal
    </button>
  </div>
  <div
    className="input-box__grocery-name"
  >
    <p>
      Grocery List Name
    </p>
    <input
      className="input__grocery-name"
      onChange={[MockFunction]}
      type="text"
      value="Monday Meals"
    />
  </div>
  <div
    className="button-box__save--grocery"
  >
    <button
      className="button button__save"
      onClick={[Function]}
    >
      Save Grocery List
    </button>
  </div>
</div>
`;
