// Jest Snapshot v1, https://goo.gl/fbAQLP

exports[`should render Grocery correctly 1`] = `
<div>
  <Link
    replace={false}
    to="grocerylists/grocery-list/201"
  >
    <p>
      Monday Meals
    </p>
  </Link>
  <Link
    replace={false}
    to="grocerylists/edit/201"
  >
    <i
      className="fas fa-edit"
    />
  </Link>
  <i
    className="fas fa-trash"
    onClick={[Function]}
  />
</div>
`;
