// Jest Snapshot v1, https://goo.gl/fbAQLP

exports[`should render MealItem correctly 1`] = `
<li
  className="itemlist__item"
>
  <p
    className="item__name"
  >
    bacon
  </p>
  <p
    className="item__amount"
  >
    2
     
    pounds
  </p>
  <div
    className="item__update"
  >
    <i
      className="fas fa-edit item__update--edit"
      onClick={[Function]}
    />
    <i
      className="fas fa-trash item__update--delete"
      onClick={[Function]}
    />
  </div>
</li>
`;
