// Jest Snapshot v1, https://goo.gl/fbAQLP

exports[`should render MealForm correctly 1`] = `
<div
  className="form"
>
  <div
    className="input-box input-box--item-name"
  >
    <p>
      Item
    </p>
    <input
      className="input"
      onChange={[MockFunction]}
      type="text"
      value="bacon"
    />
  </div>
  <div
    className="input-box input-box--amount"
  >
    <p>
      Amount
    </p>
    <input
      className="input"
      onChange={[MockFunction]}
      type="number"
      value={5}
    />
  </div>
  <div
    className="input-box input-box--unit"
  >
    <p>
      Unit
    </p>
    <select
      className="input input--dropdown"
      name="unit"
      onChange={[MockFunction]}
      value="pounds"
    >
      <option
        value=""
      >
        none
      </option>
      <option
        value="pounds"
      >
        pounds
      </option>
      <option
        value="ounces"
      >
        ounces
      </option>
      <option
        value="gallons"
      >
        gallons
      </option>
      <option
        value="quarts"
      >
        quarts
      </option>
      <option
        value="pints"
      >
        pints
      </option>
      <option
        value="items"
      >
        items
      </option>
      <option
        value="bags"
      >
        bags
      </option>
      <option
        value="containers"
      >
        containers
      </option>
    </select>
  </div>
  <div
    className="button-box__add"
  >
    <button
      className="button button__add"
      onClick={[MockFunction]}
    >
      Add Item
    </button>
  </div>
  <div>
    <div
      className="input-box__meal-name"
    >
      <p>
        Meal Name
      </p>
      <input
        className="input__meal-name"
        onChange={[MockFunction]}
        type="text"
        value="breakfast"
      />
    </div>
    <div
      className="button-box__save"
    >
      <button
        className="button button__save"
        onClick={[Function]}
      >
        Save Meal
      </button>
    </div>
  </div>
</div>
`;
