// Jest Snapshot v1, https://goo.gl/fbAQLP

exports[`should render MealItem correctly 1`] = `
<li
  className="itemlist__item"
>
  <div
    className="item"
  >
    <p>
      bacon
    </p>
  </div>
  <div
    className="item"
  >
    <p>
      2
    </p>
  </div>
  <div
    className="item"
  >
    <p>
      pounds
    </p>
  </div>
  <div>
    <i
      className="fas fa-edit"
      onClick={[Function]}
    />
    <i
      className="fas fa-trash"
      onClick={[Function]}
    />
  </div>
</li>
`;
