// Jest Snapshot v1, https://goo.gl/fbAQLP

exports[`should render MealForm correctly 1`] = `
<div
  className="form"
>
  <div
    className="form__nameinputfield"
  >
    <p>
      Meal Name
    </p>
    <input
      className="form__nameinputfield--input"
      onChange={[MockFunction]}
      type="text"
      value="breakfast"
    />
  </div>
  <div
    className="form__iteminputfields form__iteminputfields--itemname"
  >
    <p>
      Item
    </p>
    <input
      className="form__iteminputfields--input"
      onChange={[MockFunction]}
      type="text"
      value="bacon"
    />
  </div>
  <div
    className="form__iteminputfields form__iteminputfields--amount"
  >
    <p>
      Amount
    </p>
    <input
      className="form__iteminputfields--input"
      onChange={[MockFunction]}
      type="number"
      value={5}
    />
  </div>
  <div
    className="form__iteminputfields form__iteminputfields--unit"
  >
    <p>
      Unit
    </p>
    <select
      className="form__iteminputfields--input form__iteminputfields--dropdown"
      name="unit"
      onChange={[MockFunction]}
      value="pounds"
    >
      <option
        value=""
      >
        none
      </option>
      <option
        value="pounds"
      >
        pounds
      </option>
      <option
        value="ounces"
      >
        ounces
      </option>
      <option
        value="gallons"
      >
        gallons
      </option>
      <option
        value="quarts"
      >
        quarts
      </option>
      <option
        value="pints"
      >
        pints
      </option>
      <option
        value="items"
      >
        items
      </option>
      <option
        value="bags"
      >
        bags
      </option>
      <option
        value="containers"
      >
        containers
      </option>
    </select>
  </div>
  <div
    className="form__button--item-div"
  >
    <button
      className="form__button--item-button"
      onClick={[MockFunction]}
    >
      Add Item
    </button>
  </div>
  <div
    className="form__button--meal-div"
  >
    <button
      className="form__button--meal-button"
      onClick={[Function]}
    >
      Save Meal
    </button>
  </div>
</div>
`;
