// Jest Snapshot v1, https://goo.gl/fbAQLP

exports[`should render NavBar correctly 1`] = `
<div
  className="navbar"
>
  <NavLink
    activeClassName="navbar__link--active"
    aria-current="page"
    className="navbar__brand"
    exact={true}
    to="/"
  >
    <p>
      Meal to List
    </p>
  </NavLink>
  <i
    className="fas fa-bars navbar__hamburger"
    onClick={[Function]}
  />
  <NavLink
    activeClassName="navbar__link--active"
    aria-current="page"
    className="navbar__link"
    exact={true}
    to="/meals"
  >
    <p>
      Meals
    </p>
  </NavLink>
  <NavLink
    activeClassName="navbar__link--active"
    aria-current="page"
    className="navbar__link"
    exact={true}
    to="/meals/create"
  >
    <p>
      Create a New Meal
    </p>
  </NavLink>
  <NavLink
    activeClassName="navbar__link--active"
    aria-current="page"
    className="navbar__link"
    exact={true}
    to="/grocerylists"
  >
    <p>
      Grocery Lists
    </p>
  </NavLink>
  <NavLink
    activeClassName="navbar__link--active"
    aria-current="page"
    className="navbar__link"
    exact={true}
    to="/grocerylists/create"
  >
    <p>
      Create a New Grocery List
    </p>
  </NavLink>
  <button>
    Logout
  </button>
</div>
`;
